[90mTue, 16 Dec 2025 15:39:57 -0500[0m [32mINF[0m [1mgithub.com/Telmate/terraform-provider-proxmox/v2/proxmox/util.go:188[0m[36m >[0m [1mLogging Started. Root Logger Set to level info[0m
[90mTue, 16 Dec 2025 15:40:07 -0500[0m [32mINF[0m [1mgithub.com/Telmate/terraform-provider-proxmox/v2/proxmox/util.go:188[0m[36m >[0m [1mLogging Started. Root Logger Set to level info[0m
[90mTue, 16 Dec 2025 15:40:07 -0500[0m [32mINF[0m [1mgithub.com/Telmate/terraform-provider-proxmox/v2/proxmox/resource_vm_qemu.go:590[0m[36m >[0m [1mVM creation[0m [36mloggerName=[0mresource_vm_create [36mvmid=[0m
[90mTue, 16 Dec 2025 15:40:07 -0500[0m [32mINF[0m [1mgithub.com/Telmate/terraform-provider-proxmox/v2/proxmox/resource_vm_qemu.go:590[0m[36m >[0m [1mVM creation[0m [36mloggerName=[0mresource_vm_create [36mvmid=[0m
[90mTue, 16 Dec 2025 15:40:07 -0500[0m [32mINF[0m [1mgithub.com/Telmate/terraform-provider-proxmox/v2/proxmox/resource_vm_qemu.go:590[0m[36m >[0m [1mVM creation[0m [36mloggerName=[0mresource_vm_create [36mvmid=[0m
[90mTue, 16 Dec 2025 15:40:18 -0500[0m [32mINF[0m [1mgithub.com/Telmate/terraform-provider-proxmox/v2/proxmox/resource_vm_qemu.go:1050[0m[36m >[0m [1mReading configuration for vmid[0m [36mloggerName=[0mresource_vm_read [36mvmid=[0m201
[90mTue, 16 Dec 2025 15:40:24 -0500[0m [32mINF[0m [1mgithub.com/Telmate/terraform-provider-proxmox/v2/proxmox/resource_vm_qemu.go:1443[0m[36m >[0m [1mtrying to get vm ip address for provisioner[0m [36mloggerName=[0minitConnInfo [36mvmid=[0m201
[90mTue, 16 Dec 2025 15:40:33 -0500[0m [32mINF[0m [1mgithub.com/Telmate/terraform-provider-proxmox/v2/proxmox/resource_vm_qemu.go:1050[0m[36m >[0m [1mReading configuration for vmid[0m [36mloggerName=[0mresource_vm_read [36mvmid=[0m200
[90mTue, 16 Dec 2025 15:40:40 -0500[0m [32mINF[0m [1mgithub.com/Telmate/terraform-provider-proxmox/v2/proxmox/resource_vm_qemu.go:1443[0m[36m >[0m [1mtrying to get vm ip address for provisioner[0m [36mloggerName=[0minitConnInfo [36mvmid=[0m200
[90mTue, 16 Dec 2025 15:44:28 -0500[0m [32mINF[0m [1mgithub.com/Telmate/terraform-provider-proxmox/v2/proxmox/util.go:188[0m[36m >[0m [1mLogging Started. Root Logger Set to level info[0m
[90mTue, 16 Dec 2025 15:44:28 -0500[0m [32mINF[0m [1mgithub.com/Telmate/terraform-provider-proxmox/v2/proxmox/resource_vm_qemu.go:1050[0m[36m >[0m [1mReading configuration for vmid[0m [36mloggerName=[0mresource_vm_read [36mvmid=[0m201
[90mTue, 16 Dec 2025 15:44:34 -0500[0m [32mINF[0m [1mgithub.com/Telmate/terraform-provider-proxmox/v2/proxmox/resource_vm_qemu.go:1443[0m[36m >[0m [1mtrying to get vm ip address for provisioner[0m [36mloggerName=[0minitConnInfo [36mvmid=[0m201
[90mTue, 16 Dec 2025 15:44:34 -0500[0m [32mINF[0m [1mgithub.com/Telmate/terraform-provider-proxmox/v2/proxmox/resource_vm_qemu.go:1050[0m[36m >[0m [1mReading configuration for vmid[0m [36mloggerName=[0mresource_vm_read [36mvmid=[0m200
[90mTue, 16 Dec 2025 15:44:40 -0500[0m [32mINF[0m [1mgithub.com/Telmate/terraform-provider-proxmox/v2/proxmox/resource_vm_qemu.go:1443[0m[36m >[0m [1mtrying to get vm ip address for provisioner[0m [36mloggerName=[0minitConnInfo [36mvmid=[0m200
[90mTue, 16 Dec 2025 15:44:52 -0500[0m [32mINF[0m [1mgithub.com/Telmate/terraform-provider-proxmox/v2/proxmox/util.go:188[0m[36m >[0m [1mLogging Started. Root Logger Set to level info[0m
[90mTue, 16 Dec 2025 15:44:53 -0500[0m [32mINF[0m [1mgithub.com/Telmate/terraform-provider-proxmox/v2/proxmox/resource_vm_qemu.go:590[0m[36m >[0m [1mVM creation[0m [36mloggerName=[0mresource_vm_create [36mvmid=[0m
[90mTue, 16 Dec 2025 15:45:02 -0500[0m [32mINF[0m [1mgithub.com/Telmate/terraform-provider-proxmox/v2/proxmox/resource_vm_qemu.go:1050[0m[36m >[0m [1mReading configuration for vmid[0m [36mloggerName=[0mresource_vm_read [36mvmid=[0m202
[90mTue, 16 Dec 2025 15:45:08 -0500[0m [32mINF[0m [1mgithub.com/Telmate/terraform-provider-proxmox/v2/proxmox/resource_vm_qemu.go:1443[0m[36m >[0m [1mtrying to get vm ip address for provisioner[0m [36mloggerName=[0minitConnInfo [36mvmid=[0m202
[90mTue, 16 Dec 2025 15:48:40 -0500[0m [32mINF[0m [1mgithub.com/Telmate/terraform-provider-proxmox/v2/proxmox/util.go:188[0m[36m >[0m [1mLogging Started. Root Logger Set to level info[0m
[90mTue, 16 Dec 2025 15:48:40 -0500[0m [32mINF[0m [1mgithub.com/Telmate/terraform-provider-proxmox/v2/proxmox/resource_vm_qemu.go:1050[0m[36m >[0m [1mReading configuration for vmid[0m [36mloggerName=[0mresource_vm_read [36mvmid=[0m200
[90mTue, 16 Dec 2025 15:48:46 -0500[0m [32mINF[0m [1mgithub.com/Telmate/terraform-provider-proxmox/v2/proxmox/resource_vm_qemu.go:1443[0m[36m >[0m [1mtrying to get vm ip address for provisioner[0m [36mloggerName=[0minitConnInfo [36mvmid=[0m200
[90mTue, 16 Dec 2025 15:48:46 -0500[0m [32mINF[0m [1mgithub.com/Telmate/terraform-provider-proxmox/v2/proxmox/resource_vm_qemu.go:1050[0m[36m >[0m [1mReading configuration for vmid[0m [36mloggerName=[0mresource_vm_read [36mvmid=[0m201
[90mTue, 16 Dec 2025 15:48:52 -0500[0m [32mINF[0m [1mgithub.com/Telmate/terraform-provider-proxmox/v2/proxmox/resource_vm_qemu.go:1443[0m[36m >[0m [1mtrying to get vm ip address for provisioner[0m [36mloggerName=[0minitConnInfo [36mvmid=[0m201
[90mTue, 16 Dec 2025 15:48:52 -0500[0m [32mINF[0m [1mgithub.com/Telmate/terraform-provider-proxmox/v2/proxmox/resource_vm_qemu.go:1050[0m[36m >[0m [1mReading configuration for vmid[0m [36mloggerName=[0mresource_vm_read [36mvmid=[0m202
[90mTue, 16 Dec 2025 15:48:58 -0500[0m [32mINF[0m [1mgithub.com/Telmate/terraform-provider-proxmox/v2/proxmox/resource_vm_qemu.go:1443[0m[36m >[0m [1mtrying to get vm ip address for provisioner[0m [36mloggerName=[0minitConnInfo [36mvmid=[0m202
[90mTue, 16 Dec 2025 15:48:59 -0500[0m [32mINF[0m [1mgithub.com/Telmate/terraform-provider-proxmox/v2/proxmox/util.go:188[0m[36m >[0m [1mLogging Started. Root Logger Set to level info[0m
[90mTue, 16 Dec 2025 15:49:07 -0500[0m [32mINF[0m [1mgithub.com/Telmate/terraform-provider-proxmox/v2/proxmox/util.go:188[0m[36m >[0m [1mLogging Started. Root Logger Set to level info[0m
[90mTue, 16 Dec 2025 15:49:24 -0500[0m [32mINF[0m [1mgithub.com/Telmate/terraform-provider-proxmox/v2/proxmox/util.go:188[0m[36m >[0m [1mLogging Started. Root Logger Set to level info[0m
[90mTue, 16 Dec 2025 15:49:25 -0500[0m [32mINF[0m [1mgithub.com/Telmate/terraform-provider-proxmox/v2/proxmox/util.go:188[0m[36m >[0m [1mLogging Started. Root Logger Set to level info[0m
[90mTue, 16 Dec 2025 15:49:26 -0500[0m [32mINF[0m [1mgithub.com/Telmate/terraform-provider-proxmox/v2/proxmox/resource_vm_qemu.go:590[0m[36m >[0m [1mVM creation[0m [36mloggerName=[0mresource_vm_create [36mvmid=[0m
[90mTue, 16 Dec 2025 15:49:26 -0500[0m [32mINF[0m [1mgithub.com/Telmate/terraform-provider-proxmox/v2/proxmox/resource_vm_qemu.go:590[0m[36m >[0m [1mVM creation[0m [36mloggerName=[0mresource_vm_create [36mvmid=[0m
[90mTue, 16 Dec 2025 15:49:26 -0500[0m [32mINF[0m [1mgithub.com/Telmate/terraform-provider-proxmox/v2/proxmox/resource_vm_qemu.go:590[0m[36m >[0m [1mVM creation[0m [36mloggerName=[0mresource_vm_create [36mvmid=[0m
[90mTue, 16 Dec 2025 15:49:35 -0500[0m [32mINF[0m [1mgithub.com/Telmate/terraform-provider-proxmox/v2/proxmox/resource_vm_qemu.go:1050[0m[36m >[0m [1mReading configuration for vmid[0m [36mloggerName=[0mresource_vm_read [36mvmid=[0m200
[90mTue, 16 Dec 2025 15:49:41 -0500[0m [32mINF[0m [1mgithub.com/Telmate/terraform-provider-proxmox/v2/proxmox/resource_vm_qemu.go:1443[0m[36m >[0m [1mtrying to get vm ip address for provisioner[0m [36mloggerName=[0minitConnInfo [36mvmid=[0m200
[90mTue, 16 Dec 2025 15:49:50 -0500[0m [32mINF[0m [1mgithub.com/Telmate/terraform-provider-proxmox/v2/proxmox/resource_vm_qemu.go:1050[0m[36m >[0m [1mReading configuration for vmid[0m [36mloggerName=[0mresource_vm_read [36mvmid=[0m201
[90mTue, 16 Dec 2025 15:49:56 -0500[0m [32mINF[0m [1mgithub.com/Telmate/terraform-provider-proxmox/v2/proxmox/resource_vm_qemu.go:1443[0m[36m >[0m [1mtrying to get vm ip address for provisioner[0m [36mloggerName=[0minitConnInfo [36mvmid=[0m201
[90mTue, 16 Dec 2025 15:50:05 -0500[0m [32mINF[0m [1mgithub.com/Telmate/terraform-provider-proxmox/v2/proxmox/resource_vm_qemu.go:1050[0m[36m >[0m [1mReading configuration for vmid[0m [36mloggerName=[0mresource_vm_read [36mvmid=[0m202
[90mTue, 16 Dec 2025 15:50:11 -0500[0m [32mINF[0m [1mgithub.com/Telmate/terraform-provider-proxmox/v2/proxmox/resource_vm_qemu.go:1443[0m[36m >[0m [1mtrying to get vm ip address for provisioner[0m [36mloggerName=[0minitConnInfo [36mvmid=[0m202
[90mTue, 16 Dec 2025 16:42:30 -0500[0m [32mINF[0m [1mgithub.com/Telmate/terraform-provider-proxmox/v2/proxmox/util.go:188[0m[36m >[0m [1mLogging Started. Root Logger Set to level info[0m
[90mTue, 16 Dec 2025 16:42:30 -0500[0m [32mINF[0m [1mgithub.com/Telmate/terraform-provider-proxmox/v2/proxmox/resource_vm_qemu.go:1050[0m[36m >[0m [1mReading configuration for vmid[0m [36mloggerName=[0mresource_vm_read [36mvmid=[0m201
[90mTue, 16 Dec 2025 16:42:36 -0500[0m [32mINF[0m [1mgithub.com/Telmate/terraform-provider-proxmox/v2/proxmox/resource_vm_qemu.go:1443[0m[36m >[0m [1mtrying to get vm ip address for provisioner[0m [36mloggerName=[0minitConnInfo [36mvmid=[0m201
[90mTue, 16 Dec 2025 16:42:36 -0500[0m [32mINF[0m [1mgithub.com/Telmate/terraform-provider-proxmox/v2/proxmox/resource_vm_qemu.go:1050[0m[36m >[0m [1mReading configuration for vmid[0m [36mloggerName=[0mresource_vm_read [36mvmid=[0m200
[90mTue, 16 Dec 2025 16:42:42 -0500[0m [32mINF[0m [1mgithub.com/Telmate/terraform-provider-proxmox/v2/proxmox/resource_vm_qemu.go:1443[0m[36m >[0m [1mtrying to get vm ip address for provisioner[0m [36mloggerName=[0minitConnInfo [36mvmid=[0m200
[90mTue, 16 Dec 2025 16:42:42 -0500[0m [32mINF[0m [1mgithub.com/Telmate/terraform-provider-proxmox/v2/proxmox/resource_vm_qemu.go:1050[0m[36m >[0m [1mReading configuration for vmid[0m [36mloggerName=[0mresource_vm_read [36mvmid=[0m202
[90mTue, 16 Dec 2025 16:42:48 -0500[0m [32mINF[0m [1mgithub.com/Telmate/terraform-provider-proxmox/v2/proxmox/resource_vm_qemu.go:1443[0m[36m >[0m [1mtrying to get vm ip address for provisioner[0m [36mloggerName=[0minitConnInfo [36mvmid=[0m202
[90mTue, 16 Dec 2025 16:42:48 -0500[0m [32mINF[0m [1mgithub.com/Telmate/terraform-provider-proxmox/v2/proxmox/util.go:188[0m[36m >[0m [1mLogging Started. Root Logger Set to level info[0m
[90mTue, 16 Dec 2025 16:44:56 -0500[0m [32mINF[0m [1mgithub.com/Telmate/terraform-provider-proxmox/v2/proxmox/util.go:188[0m[36m >[0m [1mLogging Started. Root Logger Set to level info[0m
[90mTue, 16 Dec 2025 16:45:30 -0500[0m [32mINF[0m [1mgithub.com/Telmate/terraform-provider-proxmox/v2/proxmox/util.go:188[0m[36m >[0m [1mLogging Started. Root Logger Set to level info[0m
[90mTue, 16 Dec 2025 16:45:31 -0500[0m [32mINF[0m [1mgithub.com/Telmate/terraform-provider-proxmox/v2/proxmox/util.go:188[0m[36m >[0m [1mLogging Started. Root Logger Set to level info[0m
[90mTue, 16 Dec 2025 16:45:31 -0500[0m [32mINF[0m [1mgithub.com/Telmate/terraform-provider-proxmox/v2/proxmox/resource_vm_qemu.go:590[0m[36m >[0m [1mVM creation[0m [36mloggerName=[0mresource_vm_create [36mvmid=[0m
[90mTue, 16 Dec 2025 16:45:31 -0500[0m [32mINF[0m [1mgithub.com/Telmate/terraform-provider-proxmox/v2/proxmox/resource_vm_qemu.go:590[0m[36m >[0m [1mVM creation[0m [36mloggerName=[0mresource_vm_create [36mvmid=[0m
[90mTue, 16 Dec 2025 16:45:31 -0500[0m [32mINF[0m [1mgithub.com/Telmate/terraform-provider-proxmox/v2/proxmox/resource_vm_qemu.go:590[0m[36m >[0m [1mVM creation[0m [36mloggerName=[0mresource_vm_create [36mvmid=[0m
[90mTue, 16 Dec 2025 16:45:41 -0500[0m [32mINF[0m [1mgithub.com/Telmate/terraform-provider-proxmox/v2/proxmox/resource_vm_qemu.go:1050[0m[36m >[0m [1mReading configuration for vmid[0m [36mloggerName=[0mresource_vm_read [36mvmid=[0m201
[90mTue, 16 Dec 2025 16:45:47 -0500[0m [32mINF[0m [1mgithub.com/Telmate/terraform-provider-proxmox/v2/proxmox/resource_vm_qemu.go:1443[0m[36m >[0m [1mtrying to get vm ip address for provisioner[0m [36mloggerName=[0minitConnInfo [36mvmid=[0m201
[90mTue, 16 Dec 2025 16:45:56 -0500[0m [32mINF[0m [1mgithub.com/Telmate/terraform-provider-proxmox/v2/proxmox/resource_vm_qemu.go:1050[0m[36m >[0m [1mReading configuration for vmid[0m [36mloggerName=[0mresource_vm_read [36mvmid=[0m202
[90mTue, 16 Dec 2025 16:46:02 -0500[0m [32mINF[0m [1mgithub.com/Telmate/terraform-provider-proxmox/v2/proxmox/resource_vm_qemu.go:1443[0m[36m >[0m [1mtrying to get vm ip address for provisioner[0m [36mloggerName=[0minitConnInfo [36mvmid=[0m202
[90mTue, 16 Dec 2025 16:46:11 -0500[0m [32mINF[0m [1mgithub.com/Telmate/terraform-provider-proxmox/v2/proxmox/resource_vm_qemu.go:1050[0m[36m >[0m [1mReading configuration for vmid[0m [36mloggerName=[0mresource_vm_read [36mvmid=[0m200
[90mTue, 16 Dec 2025 16:46:17 -0500[0m [32mINF[0m [1mgithub.com/Telmate/terraform-provider-proxmox/v2/proxmox/resource_vm_qemu.go:1443[0m[36m >[0m [1mtrying to get vm ip address for provisioner[0m [36mloggerName=[0minitConnInfo [36mvmid=[0m200
[90mTue, 16 Dec 2025 16:50:41 -0500[0m [32mINF[0m [1mgithub.com/Telmate/terraform-provider-proxmox/v2/proxmox/util.go:188[0m[36m >[0m [1mLogging Started. Root Logger Set to level info[0m
[90mTue, 16 Dec 2025 16:50:41 -0500[0m [32mINF[0m [1mgithub.com/Telmate/terraform-provider-proxmox/v2/proxmox/resource_vm_qemu.go:1050[0m[36m >[0m [1mReading configuration for vmid[0m [36mloggerName=[0mresource_vm_read [36mvmid=[0m200
[90mTue, 16 Dec 2025 16:50:47 -0500[0m [32mINF[0m [1mgithub.com/Telmate/terraform-provider-proxmox/v2/proxmox/resource_vm_qemu.go:1443[0m[36m >[0m [1mtrying to get vm ip address for provisioner[0m [36mloggerName=[0minitConnInfo [36mvmid=[0m200
[90mTue, 16 Dec 2025 16:50:47 -0500[0m [32mINF[0m [1mgithub.com/Telmate/terraform-provider-proxmox/v2/proxmox/resource_vm_qemu.go:1050[0m[36m >[0m [1mReading configuration for vmid[0m [36mloggerName=[0mresource_vm_read [36mvmid=[0m202
[90mTue, 16 Dec 2025 16:50:54 -0500[0m [32mINF[0m [1mgithub.com/Telmate/terraform-provider-proxmox/v2/proxmox/resource_vm_qemu.go:1443[0m[36m >[0m [1mtrying to get vm ip address for provisioner[0m [36mloggerName=[0minitConnInfo [36mvmid=[0m202
[90mTue, 16 Dec 2025 16:50:54 -0500[0m [32mINF[0m [1mgithub.com/Telmate/terraform-provider-proxmox/v2/proxmox/resource_vm_qemu.go:1050[0m[36m >[0m [1mReading configuration for vmid[0m [36mloggerName=[0mresource_vm_read [36mvmid=[0m201
[90mTue, 16 Dec 2025 16:51:00 -0500[0m [32mINF[0m [1mgithub.com/Telmate/terraform-provider-proxmox/v2/proxmox/resource_vm_qemu.go:1443[0m[36m >[0m [1mtrying to get vm ip address for provisioner[0m [36mloggerName=[0minitConnInfo [36mvmid=[0m201
[90mTue, 16 Dec 2025 16:51:00 -0500[0m [32mINF[0m [1mgithub.com/Telmate/terraform-provider-proxmox/v2/proxmox/util.go:188[0m[36m >[0m [1mLogging Started. Root Logger Set to level info[0m
[90mTue, 16 Dec 2025 16:51:05 -0500[0m [32mINF[0m [1mgithub.com/Telmate/terraform-provider-proxmox/v2/proxmox/util.go:188[0m[36m >[0m [1mLogging Started. Root Logger Set to level info[0m
[90mTue, 16 Dec 2025 16:51:20 -0500[0m [32mINF[0m [1mgithub.com/Telmate/terraform-provider-proxmox/v2/proxmox/util.go:188[0m[36m >[0m [1mLogging Started. Root Logger Set to level info[0m
[90mTue, 16 Dec 2025 16:51:22 -0500[0m [32mINF[0m [1mgithub.com/Telmate/terraform-provider-proxmox/v2/proxmox/util.go:188[0m[36m >[0m [1mLogging Started. Root Logger Set to level info[0m
[90mTue, 16 Dec 2025 16:51:22 -0500[0m [32mINF[0m [1mgithub.com/Telmate/terraform-provider-proxmox/v2/proxmox/resource_vm_qemu.go:590[0m[36m >[0m [1mVM creation[0m [36mloggerName=[0mresource_vm_create [36mvmid=[0m
[90mTue, 16 Dec 2025 16:51:22 -0500[0m [32mINF[0m [1mgithub.com/Telmate/terraform-provider-proxmox/v2/proxmox/resource_vm_qemu.go:590[0m[36m >[0m [1mVM creation[0m [36mloggerName=[0mresource_vm_create [36mvmid=[0m
[90mTue, 16 Dec 2025 16:51:22 -0500[0m [32mINF[0m [1mgithub.com/Telmate/terraform-provider-proxmox/v2/proxmox/resource_vm_qemu.go:590[0m[36m >[0m [1mVM creation[0m [36mloggerName=[0mresource_vm_create [36mvmid=[0m
[90mTue, 16 Dec 2025 16:51:32 -0500[0m [32mINF[0m [1mgithub.com/Telmate/terraform-provider-proxmox/v2/proxmox/resource_vm_qemu.go:1050[0m[36m >[0m [1mReading configuration for vmid[0m [36mloggerName=[0mresource_vm_read [36mvmid=[0m200
[90mTue, 16 Dec 2025 16:51:38 -0500[0m [32mINF[0m [1mgithub.com/Telmate/terraform-provider-proxmox/v2/proxmox/resource_vm_qemu.go:1443[0m[36m >[0m [1mtrying to get vm ip address for provisioner[0m [36mloggerName=[0minitConnInfo [36mvmid=[0m200
[90mTue, 16 Dec 2025 16:51:47 -0500[0m [32mINF[0m [1mgithub.com/Telmate/terraform-provider-proxmox/v2/proxmox/resource_vm_qemu.go:1050[0m[36m >[0m [1mReading configuration for vmid[0m [36mloggerName=[0mresource_vm_read [36mvmid=[0m202
[90mTue, 16 Dec 2025 16:51:53 -0500[0m [32mINF[0m [1mgithub.com/Telmate/terraform-provider-proxmox/v2/proxmox/resource_vm_qemu.go:1443[0m[36m >[0m [1mtrying to get vm ip address for provisioner[0m [36mloggerName=[0minitConnInfo [36mvmid=[0m202
[90mTue, 16 Dec 2025 16:52:02 -0500[0m [32mINF[0m [1mgithub.com/Telmate/terraform-provider-proxmox/v2/proxmox/resource_vm_qemu.go:1050[0m[36m >[0m [1mReading configuration for vmid[0m [36mloggerName=[0mresource_vm_read [36mvmid=[0m201
[90mTue, 16 Dec 2025 16:52:08 -0500[0m [32mINF[0m [1mgithub.com/Telmate/terraform-provider-proxmox/v2/proxmox/resource_vm_qemu.go:1443[0m[36m >[0m [1mtrying to get vm ip address for provisioner[0m [36mloggerName=[0minitConnInfo [36mvmid=[0m201
[90mTue, 16 Dec 2025 16:55:49 -0500[0m [32mINF[0m [1mgithub.com/Telmate/terraform-provider-proxmox/v2/proxmox/util.go:188[0m[36m >[0m [1mLogging Started. Root Logger Set to level info[0m
[90mTue, 16 Dec 2025 16:55:49 -0500[0m [32mINF[0m [1mgithub.com/Telmate/terraform-provider-proxmox/v2/proxmox/resource_vm_qemu.go:1050[0m[36m >[0m [1mReading configuration for vmid[0m [36mloggerName=[0mresource_vm_read [36mvmid=[0m201
[90mTue, 16 Dec 2025 16:55:55 -0500[0m [32mINF[0m [1mgithub.com/Telmate/terraform-provider-proxmox/v2/proxmox/resource_vm_qemu.go:1443[0m[36m >[0m [1mtrying to get vm ip address for provisioner[0m [36mloggerName=[0minitConnInfo [36mvmid=[0m201
[90mTue, 16 Dec 2025 16:55:55 -0500[0m [32mINF[0m [1mgithub.com/Telmate/terraform-provider-proxmox/v2/proxmox/resource_vm_qemu.go:1050[0m[36m >[0m [1mReading configuration for vmid[0m [36mloggerName=[0mresource_vm_read [36mvmid=[0m200
[90mTue, 16 Dec 2025 16:56:01 -0500[0m [32mINF[0m [1mgithub.com/Telmate/terraform-provider-proxmox/v2/proxmox/resource_vm_qemu.go:1443[0m[36m >[0m [1mtrying to get vm ip address for provisioner[0m [36mloggerName=[0minitConnInfo [36mvmid=[0m200
[90mTue, 16 Dec 2025 16:56:01 -0500[0m [32mINF[0m [1mgithub.com/Telmate/terraform-provider-proxmox/v2/proxmox/resource_vm_qemu.go:1050[0m[36m >[0m [1mReading configuration for vmid[0m [36mloggerName=[0mresource_vm_read [36mvmid=[0m202
[90mTue, 16 Dec 2025 16:56:07 -0500[0m [32mINF[0m [1mgithub.com/Telmate/terraform-provider-proxmox/v2/proxmox/resource_vm_qemu.go:1443[0m[36m >[0m [1mtrying to get vm ip address for provisioner[0m [36mloggerName=[0minitConnInfo [36mvmid=[0m202
[90mTue, 16 Dec 2025 16:56:07 -0500[0m [32mINF[0m [1mgithub.com/Telmate/terraform-provider-proxmox/v2/proxmox/util.go:188[0m[36m >[0m [1mLogging Started. Root Logger Set to level info[0m
[90mTue, 16 Dec 2025 16:56:19 -0500[0m [32mINF[0m [1mgithub.com/Telmate/terraform-provider-proxmox/v2/proxmox/util.go:188[0m[36m >[0m [1mLogging Started. Root Logger Set to level info[0m
[90mTue, 16 Dec 2025 16:57:11 -0500[0m [32mINF[0m [1mgithub.com/Telmate/terraform-provider-proxmox/v2/proxmox/util.go:188[0m[36m >[0m [1mLogging Started. Root Logger Set to level info[0m
[90mTue, 16 Dec 2025 16:57:13 -0500[0m [32mINF[0m [1mgithub.com/Telmate/terraform-provider-proxmox/v2/proxmox/util.go:188[0m[36m >[0m [1mLogging Started. Root Logger Set to level info[0m
[90mTue, 16 Dec 2025 16:57:13 -0500[0m [32mINF[0m [1mgithub.com/Telmate/terraform-provider-proxmox/v2/proxmox/resource_vm_qemu.go:590[0m[36m >[0m [1mVM creation[0m [36mloggerName=[0mresource_vm_create [36mvmid=[0m
[90mTue, 16 Dec 2025 16:57:13 -0500[0m [32mINF[0m [1mgithub.com/Telmate/terraform-provider-proxmox/v2/proxmox/resource_vm_qemu.go:590[0m[36m >[0m [1mVM creation[0m [36mloggerName=[0mresource_vm_create [36mvmid=[0m
[90mTue, 16 Dec 2025 16:57:13 -0500[0m [32mINF[0m [1mgithub.com/Telmate/terraform-provider-proxmox/v2/proxmox/resource_vm_qemu.go:590[0m[36m >[0m [1mVM creation[0m [36mloggerName=[0mresource_vm_create [36mvmid=[0m
[90mTue, 16 Dec 2025 16:57:22 -0500[0m [32mINF[0m [1mgithub.com/Telmate/terraform-provider-proxmox/v2/proxmox/resource_vm_qemu.go:1050[0m[36m >[0m [1mReading configuration for vmid[0m [36mloggerName=[0mresource_vm_read [36mvmid=[0m201
[90mTue, 16 Dec 2025 16:57:28 -0500[0m [32mINF[0m [1mgithub.com/Telmate/terraform-provider-proxmox/v2/proxmox/resource_vm_qemu.go:1443[0m[36m >[0m [1mtrying to get vm ip address for provisioner[0m [36mloggerName=[0minitConnInfo [36mvmid=[0m201
[90mTue, 16 Dec 2025 16:57:37 -0500[0m [32mINF[0m [1mgithub.com/Telmate/terraform-provider-proxmox/v2/proxmox/resource_vm_qemu.go:1050[0m[36m >[0m [1mReading configuration for vmid[0m [36mloggerName=[0mresource_vm_read [36mvmid=[0m200
[90mTue, 16 Dec 2025 16:57:43 -0500[0m [32mINF[0m [1mgithub.com/Telmate/terraform-provider-proxmox/v2/proxmox/resource_vm_qemu.go:1443[0m[36m >[0m [1mtrying to get vm ip address for provisioner[0m [36mloggerName=[0minitConnInfo [36mvmid=[0m200
[90mTue, 16 Dec 2025 16:57:53 -0500[0m [32mINF[0m [1mgithub.com/Telmate/terraform-provider-proxmox/v2/proxmox/resource_vm_qemu.go:1050[0m[36m >[0m [1mReading configuration for vmid[0m [36mloggerName=[0mresource_vm_read [36mvmid=[0m202
[90mTue, 16 Dec 2025 16:57:59 -0500[0m [32mINF[0m [1mgithub.com/Telmate/terraform-provider-proxmox/v2/proxmox/resource_vm_qemu.go:1443[0m[36m >[0m [1mtrying to get vm ip address for provisioner[0m [36mloggerName=[0minitConnInfo [36mvmid=[0m202
[90mTue, 16 Dec 2025 17:53:49 -0500[0m [32mINF[0m [1mgithub.com/Telmate/terraform-provider-proxmox/v2/proxmox/util.go:188[0m[36m >[0m [1mLogging Started. Root Logger Set to level info[0m
[90mTue, 16 Dec 2025 17:53:49 -0500[0m [32mINF[0m [1mgithub.com/Telmate/terraform-provider-proxmox/v2/proxmox/resource_vm_qemu.go:1050[0m[36m >[0m [1mReading configuration for vmid[0m [36mloggerName=[0mresource_vm_read [36mvmid=[0m200
[90mTue, 16 Dec 2025 17:53:56 -0500[0m [32mINF[0m [1mgithub.com/Telmate/terraform-provider-proxmox/v2/proxmox/resource_vm_qemu.go:1443[0m[36m >[0m [1mtrying to get vm ip address for provisioner[0m [36mloggerName=[0minitConnInfo [36mvmid=[0m200
[90mTue, 16 Dec 2025 17:53:56 -0500[0m [32mINF[0m [1mgithub.com/Telmate/terraform-provider-proxmox/v2/proxmox/resource_vm_qemu.go:1050[0m[36m >[0m [1mReading configuration for vmid[0m [36mloggerName=[0mresource_vm_read [36mvmid=[0m202
[90mTue, 16 Dec 2025 17:54:02 -0500[0m [32mINF[0m [1mgithub.com/Telmate/terraform-provider-proxmox/v2/proxmox/resource_vm_qemu.go:1443[0m[36m >[0m [1mtrying to get vm ip address for provisioner[0m [36mloggerName=[0minitConnInfo [36mvmid=[0m202
[90mTue, 16 Dec 2025 17:54:02 -0500[0m [32mINF[0m [1mgithub.com/Telmate/terraform-provider-proxmox/v2/proxmox/resource_vm_qemu.go:1050[0m[36m >[0m [1mReading configuration for vmid[0m [36mloggerName=[0mresource_vm_read [36mvmid=[0m201
[90mTue, 16 Dec 2025 17:54:08 -0500[0m [32mINF[0m [1mgithub.com/Telmate/terraform-provider-proxmox/v2/proxmox/resource_vm_qemu.go:1443[0m[36m >[0m [1mtrying to get vm ip address for provisioner[0m [36mloggerName=[0minitConnInfo [36mvmid=[0m201
[90mTue, 16 Dec 2025 17:54:08 -0500[0m [32mINF[0m [1mgithub.com/Telmate/terraform-provider-proxmox/v2/proxmox/util.go:188[0m[36m >[0m [1mLogging Started. Root Logger Set to level info[0m
[90mTue, 16 Dec 2025 17:54:24 -0500[0m [32mINF[0m [1mgithub.com/Telmate/terraform-provider-proxmox/v2/proxmox/util.go:188[0m[36m >[0m [1mLogging Started. Root Logger Set to level info[0m
[90mTue, 16 Dec 2025 17:55:54 -0500[0m [32mINF[0m [1mgithub.com/Telmate/terraform-provider-proxmox/v2/proxmox/util.go:188[0m[36m >[0m [1mLogging Started. Root Logger Set to level info[0m
[90mTue, 16 Dec 2025 17:55:55 -0500[0m [32mINF[0m [1mgithub.com/Telmate/terraform-provider-proxmox/v2/proxmox/util.go:188[0m[36m >[0m [1mLogging Started. Root Logger Set to level info[0m
[90mTue, 16 Dec 2025 17:55:56 -0500[0m [32mINF[0m [1mgithub.com/Telmate/terraform-provider-proxmox/v2/proxmox/resource_vm_qemu.go:590[0m[36m >[0m [1mVM creation[0m [36mloggerName=[0mresource_vm_create [36mvmid=[0m
[90mTue, 16 Dec 2025 17:55:56 -0500[0m [32mINF[0m [1mgithub.com/Telmate/terraform-provider-proxmox/v2/proxmox/resource_vm_qemu.go:590[0m[36m >[0m [1mVM creation[0m [36mloggerName=[0mresource_vm_create [36mvmid=[0m
[90mTue, 16 Dec 2025 17:55:56 -0500[0m [32mINF[0m [1mgithub.com/Telmate/terraform-provider-proxmox/v2/proxmox/resource_vm_qemu.go:590[0m[36m >[0m [1mVM creation[0m [36mloggerName=[0mresource_vm_create [36mvmid=[0m
[90mTue, 16 Dec 2025 17:56:05 -0500[0m [32mINF[0m [1mgithub.com/Telmate/terraform-provider-proxmox/v2/proxmox/resource_vm_qemu.go:1050[0m[36m >[0m [1mReading configuration for vmid[0m [36mloggerName=[0mresource_vm_read [36mvmid=[0m201
[90mTue, 16 Dec 2025 17:56:11 -0500[0m [32mINF[0m [1mgithub.com/Telmate/terraform-provider-proxmox/v2/proxmox/resource_vm_qemu.go:1443[0m[36m >[0m [1mtrying to get vm ip address for provisioner[0m [36mloggerName=[0minitConnInfo [36mvmid=[0m201
[90mTue, 16 Dec 2025 17:56:20 -0500[0m [32mINF[0m [1mgithub.com/Telmate/terraform-provider-proxmox/v2/proxmox/resource_vm_qemu.go:1050[0m[36m >[0m [1mReading configuration for vmid[0m [36mloggerName=[0mresource_vm_read [36mvmid=[0m202
[90mTue, 16 Dec 2025 17:56:26 -0500[0m [32mINF[0m [1mgithub.com/Telmate/terraform-provider-proxmox/v2/proxmox/resource_vm_qemu.go:1443[0m[36m >[0m [1mtrying to get vm ip address for provisioner[0m [36mloggerName=[0minitConnInfo [36mvmid=[0m202
[90mTue, 16 Dec 2025 17:56:35 -0500[0m [32mINF[0m [1mgithub.com/Telmate/terraform-provider-proxmox/v2/proxmox/resource_vm_qemu.go:1050[0m[36m >[0m [1mReading configuration for vmid[0m [36mloggerName=[0mresource_vm_read [36mvmid=[0m200
[90mTue, 16 Dec 2025 17:56:42 -0500[0m [32mINF[0m [1mgithub.com/Telmate/terraform-provider-proxmox/v2/proxmox/resource_vm_qemu.go:1443[0m[36m >[0m [1mtrying to get vm ip address for provisioner[0m [36mloggerName=[0minitConnInfo [36mvmid=[0m200
[90mFri, 03 Apr 2026 12:21:06 -0400[0m [32mINF[0m [1mgithub.com/Telmate/terraform-provider-proxmox/v2/proxmox/util.go:188[0m[36m >[0m [1mLogging Started. Root Logger Set to level info[0m
[90mFri, 03 Apr 2026 12:21:06 -0400[0m [32mINF[0m [1mgithub.com/Telmate/terraform-provider-proxmox/v2/proxmox/resource_vm_qemu.go:1050[0m[36m >[0m [1mReading configuration for vmid[0m [36mloggerName=[0mresource_vm_read [36mvmid=[0m200
[90mFri, 03 Apr 2026 12:21:12 -0400[0m [32mINF[0m [1mgithub.com/Telmate/terraform-provider-proxmox/v2/proxmox/resource_vm_qemu.go:1443[0m[36m >[0m [1mtrying to get vm ip address for provisioner[0m [36mloggerName=[0minitConnInfo [36mvmid=[0m200
[90mFri, 03 Apr 2026 12:21:12 -0400[0m [32mINF[0m [1mgithub.com/Telmate/terraform-provider-proxmox/v2/proxmox/resource_vm_qemu.go:1050[0m[36m >[0m [1mReading configuration for vmid[0m [36mloggerName=[0mresource_vm_read [36mvmid=[0m201
[90mFri, 03 Apr 2026 12:21:18 -0400[0m [32mINF[0m [1mgithub.com/Telmate/terraform-provider-proxmox/v2/proxmox/resource_vm_qemu.go:1443[0m[36m >[0m [1mtrying to get vm ip address for provisioner[0m [36mloggerName=[0minitConnInfo [36mvmid=[0m201
[90mFri, 03 Apr 2026 12:21:18 -0400[0m [32mINF[0m [1mgithub.com/Telmate/terraform-provider-proxmox/v2/proxmox/resource_vm_qemu.go:1050[0m[36m >[0m [1mReading configuration for vmid[0m [36mloggerName=[0mresource_vm_read [36mvmid=[0m202
[90mFri, 03 Apr 2026 12:21:24 -0400[0m [32mINF[0m [1mgithub.com/Telmate/terraform-provider-proxmox/v2/proxmox/resource_vm_qemu.go:1443[0m[36m >[0m [1mtrying to get vm ip address for provisioner[0m [36mloggerName=[0minitConnInfo [36mvmid=[0m202
[90mFri, 03 Apr 2026 12:21:24 -0400[0m [32mINF[0m [1mgithub.com/Telmate/terraform-provider-proxmox/v2/proxmox/util.go:188[0m[36m >[0m [1mLogging Started. Root Logger Set to level info[0m
[90mFri, 03 Apr 2026 12:21:36 -0400[0m [32mINF[0m [1mgithub.com/Telmate/terraform-provider-proxmox/v2/proxmox/util.go:188[0m[36m >[0m [1mLogging Started. Root Logger Set to level info[0m
[90mFri, 03 Apr 2026 12:22:09 -0400[0m [32mINF[0m [1mgithub.com/Telmate/terraform-provider-proxmox/v2/proxmox/util.go:188[0m[36m >[0m [1mLogging Started. Root Logger Set to level info[0m
[90mFri, 03 Apr 2026 12:22:12 -0400[0m [32mINF[0m [1mgithub.com/Telmate/terraform-provider-proxmox/v2/proxmox/util.go:188[0m[36m >[0m [1mLogging Started. Root Logger Set to level info[0m
[90mFri, 03 Apr 2026 12:22:12 -0400[0m [32mINF[0m [1mgithub.com/Telmate/terraform-provider-proxmox/v2/proxmox/resource_vm_qemu.go:590[0m[36m >[0m [1mVM creation[0m [36mloggerName=[0mresource_vm_create [36mvmid=[0m
[90mFri, 03 Apr 2026 12:22:12 -0400[0m [32mINF[0m [1mgithub.com/Telmate/terraform-provider-proxmox/v2/proxmox/resource_vm_qemu.go:590[0m[36m >[0m [1mVM creation[0m [36mloggerName=[0mresource_vm_create [36mvmid=[0m
[90mFri, 03 Apr 2026 12:22:12 -0400[0m [32mINF[0m [1mgithub.com/Telmate/terraform-provider-proxmox/v2/proxmox/resource_vm_qemu.go:590[0m[36m >[0m [1mVM creation[0m [36mloggerName=[0mresource_vm_create [36mvmid=[0m
[90mFri, 03 Apr 2026 12:22:21 -0400[0m [32mINF[0m [1mgithub.com/Telmate/terraform-provider-proxmox/v2/proxmox/resource_vm_qemu.go:1050[0m[36m >[0m [1mReading configuration for vmid[0m [36mloggerName=[0mresource_vm_read [36mvmid=[0m202
[90mFri, 03 Apr 2026 12:22:28 -0400[0m [32mINF[0m [1mgithub.com/Telmate/terraform-provider-proxmox/v2/proxmox/resource_vm_qemu.go:1443[0m[36m >[0m [1mtrying to get vm ip address for provisioner[0m [36mloggerName=[0minitConnInfo [36mvmid=[0m202
[90mFri, 03 Apr 2026 12:22:52 -0400[0m [32mINF[0m [1mgithub.com/Telmate/terraform-provider-proxmox/v2/proxmox/resource_vm_qemu.go:1050[0m[36m >[0m [1mReading configuration for vmid[0m [36mloggerName=[0mresource_vm_read [36mvmid=[0m201
[90mFri, 03 Apr 2026 12:22:58 -0400[0m [32mINF[0m [1mgithub.com/Telmate/terraform-provider-proxmox/v2/proxmox/resource_vm_qemu.go:1443[0m[36m >[0m [1mtrying to get vm ip address for provisioner[0m [36mloggerName=[0minitConnInfo [36mvmid=[0m201
[90mFri, 03 Apr 2026 12:23:22 -0400[0m [32mINF[0m [1mgithub.com/Telmate/terraform-provider-proxmox/v2/proxmox/resource_vm_qemu.go:1050[0m[36m >[0m [1mReading configuration for vmid[0m [36mloggerName=[0mresource_vm_read [36mvmid=[0m203
[90mFri, 03 Apr 2026 12:23:28 -0400[0m [32mINF[0m [1mgithub.com/Telmate/terraform-provider-proxmox/v2/proxmox/resource_vm_qemu.go:1443[0m[36m >[0m [1mtrying to get vm ip address for provisioner[0m [36mloggerName=[0minitConnInfo [36mvmid=[0m203
[90mFri, 03 Apr 2026 12:28:43 -0400[0m [32mINF[0m [1mgithub.com/Telmate/terraform-provider-proxmox/v2/proxmox/util.go:188[0m[36m >[0m [1mLogging Started. Root Logger Set to level info[0m
[90mFri, 03 Apr 2026 12:28:43 -0400[0m [32mINF[0m [1mgithub.com/Telmate/terraform-provider-proxmox/v2/proxmox/resource_vm_qemu.go:1050[0m[36m >[0m [1mReading configuration for vmid[0m [36mloggerName=[0mresource_vm_read [36mvmid=[0m202
[90mFri, 03 Apr 2026 12:28:49 -0400[0m [32mINF[0m [1mgithub.com/Telmate/terraform-provider-proxmox/v2/proxmox/resource_vm_qemu.go:1443[0m[36m >[0m [1mtrying to get vm ip address for provisioner[0m [36mloggerName=[0minitConnInfo [36mvmid=[0m202
[90mFri, 03 Apr 2026 12:28:49 -0400[0m [32mINF[0m [1mgithub.com/Telmate/terraform-provider-proxmox/v2/proxmox/resource_vm_qemu.go:1050[0m[36m >[0m [1mReading configuration for vmid[0m [36mloggerName=[0mresource_vm_read [36mvmid=[0m203
[90mFri, 03 Apr 2026 12:28:56 -0400[0m [32mINF[0m [1mgithub.com/Telmate/terraform-provider-proxmox/v2/proxmox/resource_vm_qemu.go:1443[0m[36m >[0m [1mtrying to get vm ip address for provisioner[0m [36mloggerName=[0minitConnInfo [36mvmid=[0m203
[90mFri, 03 Apr 2026 12:28:56 -0400[0m [32mINF[0m [1mgithub.com/Telmate/terraform-provider-proxmox/v2/proxmox/resource_vm_qemu.go:1050[0m[36m >[0m [1mReading configuration for vmid[0m [36mloggerName=[0mresource_vm_read [36mvmid=[0m201
[90mFri, 03 Apr 2026 12:29:02 -0400[0m [32mINF[0m [1mgithub.com/Telmate/terraform-provider-proxmox/v2/proxmox/resource_vm_qemu.go:1443[0m[36m >[0m [1mtrying to get vm ip address for provisioner[0m [36mloggerName=[0minitConnInfo [36mvmid=[0m201
[90mFri, 03 Apr 2026 12:39:36 -0400[0m [32mINF[0m [1mgithub.com/Telmate/terraform-provider-proxmox/v2/proxmox/util.go:188[0m[36m >[0m [1mLogging Started. Root Logger Set to level info[0m
[90mFri, 03 Apr 2026 12:39:40 -0400[0m [32mINF[0m [1mgithub.com/Telmate/terraform-provider-proxmox/v2/proxmox/resource_vm_qemu.go:590[0m[36m >[0m [1mVM creation[0m [36mloggerName=[0mresource_vm_create [36mvmid=[0m
[90mFri, 03 Apr 2026 12:39:44 -0400[0m [32mINF[0m [1mgithub.com/Telmate/terraform-provider-proxmox/v2/proxmox/resource_vm_qemu.go:590[0m[36m >[0m [1mVM creation[0m [36mloggerName=[0mresource_vm_create [36mvmid=[0m
[90mFri, 03 Apr 2026 12:39:49 -0400[0m [32mINF[0m [1mgithub.com/Telmate/terraform-provider-proxmox/v2/proxmox/resource_vm_qemu.go:590[0m[36m >[0m [1mVM creation[0m [36mloggerName=[0mresource_vm_create [36mvmid=[0m
[90mFri, 03 Apr 2026 12:39:58 -0400[0m [32mINF[0m [1mgithub.com/Telmate/terraform-provider-proxmox/v2/proxmox/resource_vm_qemu.go:1050[0m[36m >[0m [1mReading configuration for vmid[0m [36mloggerName=[0mresource_vm_read [36mvmid=[0m202
[90mFri, 03 Apr 2026 12:40:04 -0400[0m [32mINF[0m [1mgithub.com/Telmate/terraform-provider-proxmox/v2/proxmox/resource_vm_qemu.go:1443[0m[36m >[0m [1mtrying to get vm ip address for provisioner[0m [36mloggerName=[0minitConnInfo [36mvmid=[0m202
[90mFri, 03 Apr 2026 12:40:13 -0400[0m [32mINF[0m [1mgithub.com/Telmate/terraform-provider-proxmox/v2/proxmox/resource_vm_qemu.go:1050[0m[36m >[0m [1mReading configuration for vmid[0m [36mloggerName=[0mresource_vm_read [36mvmid=[0m203
[90mFri, 03 Apr 2026 12:40:19 -0400[0m [32mINF[0m [1mgithub.com/Telmate/terraform-provider-proxmox/v2/proxmox/resource_vm_qemu.go:1443[0m[36m >[0m [1mtrying to get vm ip address for provisioner[0m [36mloggerName=[0minitConnInfo [36mvmid=[0m203
[90mFri, 03 Apr 2026 12:40:28 -0400[0m [32mINF[0m [1mgithub.com/Telmate/terraform-provider-proxmox/v2/proxmox/resource_vm_qemu.go:1050[0m[36m >[0m [1mReading configuration for vmid[0m [36mloggerName=[0mresource_vm_read [36mvmid=[0m201
[90mFri, 03 Apr 2026 12:40:34 -0400[0m [32mINF[0m [1mgithub.com/Telmate/terraform-provider-proxmox/v2/proxmox/resource_vm_qemu.go:1443[0m[36m >[0m [1mtrying to get vm ip address for provisioner[0m [36mloggerName=[0minitConnInfo [36mvmid=[0m201
[90mFri, 03 Apr 2026 13:00:01 -0400[0m [32mINF[0m [1mgithub.com/Telmate/terraform-provider-proxmox/v2/proxmox/util.go:188[0m[36m >[0m [1mLogging Started. Root Logger Set to level info[0m
[90mFri, 03 Apr 2026 13:00:01 -0400[0m [32mINF[0m [1mgithub.com/Telmate/terraform-provider-proxmox/v2/proxmox/resource_vm_qemu.go:1050[0m[36m >[0m [1mReading configuration for vmid[0m [36mloggerName=[0mresource_vm_read [36mvmid=[0m201
[90mFri, 03 Apr 2026 13:00:08 -0400[0m [32mINF[0m [1mgithub.com/Telmate/terraform-provider-proxmox/v2/proxmox/resource_vm_qemu.go:1443[0m[36m >[0m [1mtrying to get vm ip address for provisioner[0m [36mloggerName=[0minitConnInfo [36mvmid=[0m201
[90mFri, 03 Apr 2026 13:00:08 -0400[0m [32mINF[0m [1mgithub.com/Telmate/terraform-provider-proxmox/v2/proxmox/resource_vm_qemu.go:1050[0m[36m >[0m [1mReading configuration for vmid[0m [36mloggerName=[0mresource_vm_read [36mvmid=[0m202
[90mFri, 03 Apr 2026 13:00:14 -0400[0m [32mINF[0m [1mgithub.com/Telmate/terraform-provider-proxmox/v2/proxmox/resource_vm_qemu.go:1443[0m[36m >[0m [1mtrying to get vm ip address for provisioner[0m [36mloggerName=[0minitConnInfo [36mvmid=[0m202
[90mFri, 03 Apr 2026 13:00:14 -0400[0m [32mINF[0m [1mgithub.com/Telmate/terraform-provider-proxmox/v2/proxmox/resource_vm_qemu.go:1050[0m[36m >[0m [1mReading configuration for vmid[0m [36mloggerName=[0mresource_vm_read [36mvmid=[0m203
[90mFri, 03 Apr 2026 13:00:20 -0400[0m [32mINF[0m [1mgithub.com/Telmate/terraform-provider-proxmox/v2/proxmox/resource_vm_qemu.go:1443[0m[36m >[0m [1mtrying to get vm ip address for provisioner[0m [36mloggerName=[0minitConnInfo [36mvmid=[0m203
[90mFri, 03 Apr 2026 13:00:20 -0400[0m [32mINF[0m [1mgithub.com/Telmate/terraform-provider-proxmox/v2/proxmox/util.go:188[0m[36m >[0m [1mLogging Started. Root Logger Set to level info[0m
[90mFri, 03 Apr 2026 13:00:23 -0400[0m [32mINF[0m [1mgithub.com/Telmate/terraform-provider-proxmox/v2/proxmox/util.go:188[0m[36m >[0m [1mLogging Started. Root Logger Set to level info[0m
[90mFri, 03 Apr 2026 13:00:42 -0400[0m [32mINF[0m [1mgithub.com/Telmate/terraform-provider-proxmox/v2/proxmox/util.go:188[0m[36m >[0m [1mLogging Started. Root Logger Set to level info[0m
[90mFri, 03 Apr 2026 13:00:44 -0400[0m [32mINF[0m [1mgithub.com/Telmate/terraform-provider-proxmox/v2/proxmox/util.go:188[0m[36m >[0m [1mLogging Started. Root Logger Set to level info[0m
[90mFri, 03 Apr 2026 13:00:44 -0400[0m [32mINF[0m [1mgithub.com/Telmate/terraform-provider-proxmox/v2/proxmox/resource_vm_qemu.go:590[0m[36m >[0m [1mVM creation[0m [36mloggerName=[0mresource_vm_create [36mvmid=[0m
[90mFri, 03 Apr 2026 13:00:44 -0400[0m [32mINF[0m [1mgithub.com/Telmate/terraform-provider-proxmox/v2/proxmox/resource_vm_qemu.go:590[0m[36m >[0m [1mVM creation[0m [36mloggerName=[0mresource_vm_create [36mvmid=[0m
[90mFri, 03 Apr 2026 13:00:44 -0400[0m [32mINF[0m [1mgithub.com/Telmate/terraform-provider-proxmox/v2/proxmox/resource_vm_qemu.go:590[0m[36m >[0m [1mVM creation[0m [36mloggerName=[0mresource_vm_create [36mvmid=[0m
[90mFri, 03 Apr 2026 13:00:53 -0400[0m [32mINF[0m [1mgithub.com/Telmate/terraform-provider-proxmox/v2/proxmox/resource_vm_qemu.go:1050[0m[36m >[0m [1mReading configuration for vmid[0m [36mloggerName=[0mresource_vm_read [36mvmid=[0m203
[90mFri, 03 Apr 2026 13:00:59 -0400[0m [32mINF[0m [1mgithub.com/Telmate/terraform-provider-proxmox/v2/proxmox/resource_vm_qemu.go:1443[0m[36m >[0m [1mtrying to get vm ip address for provisioner[0m [36mloggerName=[0minitConnInfo [36mvmid=[0m203
[90mFri, 03 Apr 2026 13:01:08 -0400[0m [32mINF[0m [1mgithub.com/Telmate/terraform-provider-proxmox/v2/proxmox/resource_vm_qemu.go:1050[0m[36m >[0m [1mReading configuration for vmid[0m [36mloggerName=[0mresource_vm_read [36mvmid=[0m202
[90mFri, 03 Apr 2026 13:01:14 -0400[0m [32mINF[0m [1mgithub.com/Telmate/terraform-provider-proxmox/v2/proxmox/resource_vm_qemu.go:1443[0m[36m >[0m [1mtrying to get vm ip address for provisioner[0m [36mloggerName=[0minitConnInfo [36mvmid=[0m202
[90mFri, 03 Apr 2026 13:01:23 -0400[0m [32mINF[0m [1mgithub.com/Telmate/terraform-provider-proxmox/v2/proxmox/resource_vm_qemu.go:1050[0m[36m >[0m [1mReading configuration for vmid[0m [36mloggerName=[0mresource_vm_read [36mvmid=[0m201
[90mFri, 03 Apr 2026 13:01:29 -0400[0m [32mINF[0m [1mgithub.com/Telmate/terraform-provider-proxmox/v2/proxmox/resource_vm_qemu.go:1443[0m[36m >[0m [1mtrying to get vm ip address for provisioner[0m [36mloggerName=[0minitConnInfo [36mvmid=[0m201
[90mFri, 03 Apr 2026 13:08:21 -0400[0m [32mINF[0m [1mgithub.com/Telmate/terraform-provider-proxmox/v2/proxmox/util.go:188[0m[36m >[0m [1mLogging Started. Root Logger Set to level info[0m
[90mFri, 03 Apr 2026 13:08:21 -0400[0m [32mINF[0m [1mgithub.com/Telmate/terraform-provider-proxmox/v2/proxmox/resource_vm_qemu.go:1050[0m[36m >[0m [1mReading configuration for vmid[0m [36mloggerName=[0mresource_vm_read [36mvmid=[0m203
[90mFri, 03 Apr 2026 13:08:27 -0400[0m [32mINF[0m [1mgithub.com/Telmate/terraform-provider-proxmox/v2/proxmox/resource_vm_qemu.go:1443[0m[36m >[0m [1mtrying to get vm ip address for provisioner[0m [36mloggerName=[0minitConnInfo [36mvmid=[0m203
[90mFri, 03 Apr 2026 13:08:27 -0400[0m [32mINF[0m [1mgithub.com/Telmate/terraform-provider-proxmox/v2/proxmox/resource_vm_qemu.go:1050[0m[36m >[0m [1mReading configuration for vmid[0m [36mloggerName=[0mresource_vm_read [36mvmid=[0m202
[90mFri, 03 Apr 2026 13:08:33 -0400[0m [32mINF[0m [1mgithub.com/Telmate/terraform-provider-proxmox/v2/proxmox/resource_vm_qemu.go:1443[0m[36m >[0m [1mtrying to get vm ip address for provisioner[0m [36mloggerName=[0minitConnInfo [36mvmid=[0m202
[90mFri, 03 Apr 2026 13:08:33 -0400[0m [32mINF[0m [1mgithub.com/Telmate/terraform-provider-proxmox/v2/proxmox/resource_vm_qemu.go:1050[0m[36m >[0m [1mReading configuration for vmid[0m [36mloggerName=[0mresource_vm_read [36mvmid=[0m201
[90mFri, 03 Apr 2026 13:08:39 -0400[0m [32mINF[0m [1mgithub.com/Telmate/terraform-provider-proxmox/v2/proxmox/resource_vm_qemu.go:1443[0m[36m >[0m [1mtrying to get vm ip address for provisioner[0m [36mloggerName=[0minitConnInfo [36mvmid=[0m201
[90mFri, 03 Apr 2026 13:08:39 -0400[0m [32mINF[0m [1mgithub.com/Telmate/terraform-provider-proxmox/v2/proxmox/util.go:188[0m[36m >[0m [1mLogging Started. Root Logger Set to level info[0m
[90mFri, 03 Apr 2026 13:09:19 -0400[0m [32mINF[0m [1mgithub.com/Telmate/terraform-provider-proxmox/v2/proxmox/util.go:188[0m[36m >[0m [1mLogging Started. Root Logger Set to level info[0m
[90mFri, 03 Apr 2026 13:09:36 -0400[0m [32mINF[0m [1mgithub.com/Telmate/terraform-provider-proxmox/v2/proxmox/util.go:188[0m[36m >[0m [1mLogging Started. Root Logger Set to level info[0m
[90mFri, 03 Apr 2026 13:09:37 -0400[0m [32mINF[0m [1mgithub.com/Telmate/terraform-provider-proxmox/v2/proxmox/util.go:188[0m[36m >[0m [1mLogging Started. Root Logger Set to level info[0m
[90mFri, 03 Apr 2026 13:09:38 -0400[0m [32mINF[0m [1mgithub.com/Telmate/terraform-provider-proxmox/v2/proxmox/resource_vm_qemu.go:590[0m[36m >[0m [1mVM creation[0m [36mloggerName=[0mresource_vm_create [36mvmid=[0m
[90mFri, 03 Apr 2026 13:09:38 -0400[0m [32mINF[0m [1mgithub.com/Telmate/terraform-provider-proxmox/v2/proxmox/resource_vm_qemu.go:590[0m[36m >[0m [1mVM creation[0m [36mloggerName=[0mresource_vm_create [36mvmid=[0m
[90mFri, 03 Apr 2026 13:09:38 -0400[0m [32mINF[0m [1mgithub.com/Telmate/terraform-provider-proxmox/v2/proxmox/resource_vm_qemu.go:590[0m[36m >[0m [1mVM creation[0m [36mloggerName=[0mresource_vm_create [36mvmid=[0m
[90mFri, 03 Apr 2026 13:09:47 -0400[0m [32mINF[0m [1mgithub.com/Telmate/terraform-provider-proxmox/v2/proxmox/resource_vm_qemu.go:1050[0m[36m >[0m [1mReading configuration for vmid[0m [36mloggerName=[0mresource_vm_read [36mvmid=[0m203
[90mFri, 03 Apr 2026 13:09:53 -0400[0m [32mINF[0m [1mgithub.com/Telmate/terraform-provider-proxmox/v2/proxmox/resource_vm_qemu.go:1443[0m[36m >[0m [1mtrying to get vm ip address for provisioner[0m [36mloggerName=[0minitConnInfo [36mvmid=[0m203
[90mFri, 03 Apr 2026 13:10:02 -0400[0m [32mINF[0m [1mgithub.com/Telmate/terraform-provider-proxmox/v2/proxmox/resource_vm_qemu.go:1050[0m[36m >[0m [1mReading configuration for vmid[0m [36mloggerName=[0mresource_vm_read [36mvmid=[0m202
[90mFri, 03 Apr 2026 13:10:08 -0400[0m [32mINF[0m [1mgithub.com/Telmate/terraform-provider-proxmox/v2/proxmox/resource_vm_qemu.go:1443[0m[36m >[0m [1mtrying to get vm ip address for provisioner[0m [36mloggerName=[0minitConnInfo [36mvmid=[0m202
[90mFri, 03 Apr 2026 13:10:17 -0400[0m [32mINF[0m [1mgithub.com/Telmate/terraform-provider-proxmox/v2/proxmox/resource_vm_qemu.go:1050[0m[36m >[0m [1mReading configuration for vmid[0m [36mloggerName=[0mresource_vm_read [36mvmid=[0m201
[90mFri, 03 Apr 2026 13:10:23 -0400[0m [32mINF[0m [1mgithub.com/Telmate/terraform-provider-proxmox/v2/proxmox/resource_vm_qemu.go:1443[0m[36m >[0m [1mtrying to get vm ip address for provisioner[0m [36mloggerName=[0minitConnInfo [36mvmid=[0m201
[90mFri, 03 Apr 2026 13:15:47 -0400[0m [32mINF[0m [1mgithub.com/Telmate/terraform-provider-proxmox/v2/proxmox/util.go:188[0m[36m >[0m [1mLogging Started. Root Logger Set to level info[0m
[90mFri, 03 Apr 2026 13:15:47 -0400[0m [32mINF[0m [1mgithub.com/Telmate/terraform-provider-proxmox/v2/proxmox/resource_vm_qemu.go:1050[0m[36m >[0m [1mReading configuration for vmid[0m [36mloggerName=[0mresource_vm_read [36mvmid=[0m203
[90mFri, 03 Apr 2026 13:15:53 -0400[0m [32mINF[0m [1mgithub.com/Telmate/terraform-provider-proxmox/v2/proxmox/resource_vm_qemu.go:1443[0m[36m >[0m [1mtrying to get vm ip address for provisioner[0m [36mloggerName=[0minitConnInfo [36mvmid=[0m203
[90mFri, 03 Apr 2026 13:15:53 -0400[0m [32mINF[0m [1mgithub.com/Telmate/terraform-provider-proxmox/v2/proxmox/resource_vm_qemu.go:1050[0m[36m >[0m [1mReading configuration for vmid[0m [36mloggerName=[0mresource_vm_read [36mvmid=[0m201
[90mFri, 03 Apr 2026 13:15:59 -0400[0m [32mINF[0m [1mgithub.com/Telmate/terraform-provider-proxmox/v2/proxmox/resource_vm_qemu.go:1443[0m[36m >[0m [1mtrying to get vm ip address for provisioner[0m [36mloggerName=[0minitConnInfo [36mvmid=[0m201
[90mFri, 03 Apr 2026 13:15:59 -0400[0m [32mINF[0m [1mgithub.com/Telmate/terraform-provider-proxmox/v2/proxmox/resource_vm_qemu.go:1050[0m[36m >[0m [1mReading configuration for vmid[0m [36mloggerName=[0mresource_vm_read [36mvmid=[0m202
[90mFri, 03 Apr 2026 13:16:05 -0400[0m [32mINF[0m [1mgithub.com/Telmate/terraform-provider-proxmox/v2/proxmox/resource_vm_qemu.go:1443[0m[36m >[0m [1mtrying to get vm ip address for provisioner[0m [36mloggerName=[0minitConnInfo [36mvmid=[0m202
[90mFri, 03 Apr 2026 13:16:05 -0400[0m [32mINF[0m [1mgithub.com/Telmate/terraform-provider-proxmox/v2/proxmox/util.go:188[0m[36m >[0m [1mLogging Started. Root Logger Set to level info[0m
[90mFri, 03 Apr 2026 13:16:10 -0400[0m [32mINF[0m [1mgithub.com/Telmate/terraform-provider-proxmox/v2/proxmox/util.go:188[0m[36m >[0m [1mLogging Started. Root Logger Set to level info[0m
[90mFri, 03 Apr 2026 13:16:22 -0400[0m [32mINF[0m [1mgithub.com/Telmate/terraform-provider-proxmox/v2/proxmox/util.go:188[0m[36m >[0m [1mLogging Started. Root Logger Set to level info[0m
[90mFri, 03 Apr 2026 13:16:24 -0400[0m [32mINF[0m [1mgithub.com/Telmate/terraform-provider-proxmox/v2/proxmox/util.go:188[0m[36m >[0m [1mLogging Started. Root Logger Set to level info[0m
[90mFri, 03 Apr 2026 13:16:24 -0400[0m [32mINF[0m [1mgithub.com/Telmate/terraform-provider-proxmox/v2/proxmox/resource_vm_qemu.go:590[0m[36m >[0m [1mVM creation[0m [36mloggerName=[0mresource_vm_create [36mvmid=[0m
[90mFri, 03 Apr 2026 13:16:24 -0400[0m [32mINF[0m [1mgithub.com/Telmate/terraform-provider-proxmox/v2/proxmox/resource_vm_qemu.go:590[0m[36m >[0m [1mVM creation[0m [36mloggerName=[0mresource_vm_create [36mvmid=[0m
[90mFri, 03 Apr 2026 13:16:24 -0400[0m [32mINF[0m [1mgithub.com/Telmate/terraform-provider-proxmox/v2/proxmox/resource_vm_qemu.go:590[0m[36m >[0m [1mVM creation[0m [36mloggerName=[0mresource_vm_create [36mvmid=[0m
[90mFri, 03 Apr 2026 13:16:33 -0400[0m [32mINF[0m [1mgithub.com/Telmate/terraform-provider-proxmox/v2/proxmox/resource_vm_qemu.go:1050[0m[36m >[0m [1mReading configuration for vmid[0m [36mloggerName=[0mresource_vm_read [36mvmid=[0m203
[90mFri, 03 Apr 2026 13:16:40 -0400[0m [32mINF[0m [1mgithub.com/Telmate/terraform-provider-proxmox/v2/proxmox/resource_vm_qemu.go:1443[0m[36m >[0m [1mtrying to get vm ip address for provisioner[0m [36mloggerName=[0minitConnInfo [36mvmid=[0m203
[90mFri, 03 Apr 2026 13:16:49 -0400[0m [32mINF[0m [1mgithub.com/Telmate/terraform-provider-proxmox/v2/proxmox/resource_vm_qemu.go:1050[0m[36m >[0m [1mReading configuration for vmid[0m [36mloggerName=[0mresource_vm_read [36mvmid=[0m202
[90mFri, 03 Apr 2026 13:16:55 -0400[0m [32mINF[0m [1mgithub.com/Telmate/terraform-provider-proxmox/v2/proxmox/resource_vm_qemu.go:1443[0m[36m >[0m [1mtrying to get vm ip address for provisioner[0m [36mloggerName=[0minitConnInfo [36mvmid=[0m202
[90mFri, 03 Apr 2026 13:17:04 -0400[0m [32mINF[0m [1mgithub.com/Telmate/terraform-provider-proxmox/v2/proxmox/resource_vm_qemu.go:1050[0m[36m >[0m [1mReading configuration for vmid[0m [36mloggerName=[0mresource_vm_read [36mvmid=[0m201
[90mFri, 03 Apr 2026 13:17:10 -0400[0m [32mINF[0m [1mgithub.com/Telmate/terraform-provider-proxmox/v2/proxmox/resource_vm_qemu.go:1443[0m[36m >[0m [1mtrying to get vm ip address for provisioner[0m [36mloggerName=[0minitConnInfo [36mvmid=[0m201
[90mFri, 03 Apr 2026 13:21:28 -0400[0m [32mINF[0m [1mgithub.com/Telmate/terraform-provider-proxmox/v2/proxmox/util.go:188[0m[36m >[0m [1mLogging Started. Root Logger Set to level info[0m
[90mFri, 03 Apr 2026 13:21:28 -0400[0m [32mINF[0m [1mgithub.com/Telmate/terraform-provider-proxmox/v2/proxmox/resource_vm_qemu.go:1050[0m[36m >[0m [1mReading configuration for vmid[0m [36mloggerName=[0mresource_vm_read [36mvmid=[0m203
[90mFri, 03 Apr 2026 13:21:35 -0400[0m [32mINF[0m [1mgithub.com/Telmate/terraform-provider-proxmox/v2/proxmox/resource_vm_qemu.go:1443[0m[36m >[0m [1mtrying to get vm ip address for provisioner[0m [36mloggerName=[0minitConnInfo [36mvmid=[0m203
[90mFri, 03 Apr 2026 13:21:35 -0400[0m [32mINF[0m [1mgithub.com/Telmate/terraform-provider-proxmox/v2/proxmox/resource_vm_qemu.go:1050[0m[36m >[0m [1mReading configuration for vmid[0m [36mloggerName=[0mresource_vm_read [36mvmid=[0m202
[90mFri, 03 Apr 2026 13:21:41 -0400[0m [32mINF[0m [1mgithub.com/Telmate/terraform-provider-proxmox/v2/proxmox/resource_vm_qemu.go:1443[0m[36m >[0m [1mtrying to get vm ip address for provisioner[0m [36mloggerName=[0minitConnInfo [36mvmid=[0m202
[90mFri, 03 Apr 2026 13:21:41 -0400[0m [32mINF[0m [1mgithub.com/Telmate/terraform-provider-proxmox/v2/proxmox/resource_vm_qemu.go:1050[0m[36m >[0m [1mReading configuration for vmid[0m [36mloggerName=[0mresource_vm_read [36mvmid=[0m201
[90mFri, 03 Apr 2026 13:21:47 -0400[0m [32mINF[0m [1mgithub.com/Telmate/terraform-provider-proxmox/v2/proxmox/resource_vm_qemu.go:1443[0m[36m >[0m [1mtrying to get vm ip address for provisioner[0m [36mloggerName=[0minitConnInfo [36mvmid=[0m201
[90mFri, 03 Apr 2026 13:21:47 -0400[0m [32mINF[0m [1mgithub.com/Telmate/terraform-provider-proxmox/v2/proxmox/util.go:188[0m[36m >[0m [1mLogging Started. Root Logger Set to level info[0m
[90mFri, 03 Apr 2026 13:21:48 -0400[0m [32mINF[0m [1mgithub.com/Telmate/terraform-provider-proxmox/v2/proxmox/util.go:188[0m[36m >[0m [1mLogging Started. Root Logger Set to level info[0m
[90mFri, 03 Apr 2026 13:22:01 -0400[0m [32mINF[0m [1mgithub.com/Telmate/terraform-provider-proxmox/v2/proxmox/util.go:188[0m[36m >[0m [1mLogging Started. Root Logger Set to level info[0m
[90mFri, 03 Apr 2026 13:22:02 -0400[0m [32mINF[0m [1mgithub.com/Telmate/terraform-provider-proxmox/v2/proxmox/util.go:188[0m[36m >[0m [1mLogging Started. Root Logger Set to level info[0m
[90mFri, 03 Apr 2026 13:22:02 -0400[0m [32mINF[0m [1mgithub.com/Telmate/terraform-provider-proxmox/v2/proxmox/resource_vm_qemu.go:590[0m[36m >[0m [1mVM creation[0m [36mloggerName=[0mresource_vm_create [36mvmid=[0m
[90mFri, 03 Apr 2026 13:22:02 -0400[0m [32mINF[0m [1mgithub.com/Telmate/terraform-provider-proxmox/v2/proxmox/resource_vm_qemu.go:590[0m[36m >[0m [1mVM creation[0m [36mloggerName=[0mresource_vm_create [36mvmid=[0m
[90mFri, 03 Apr 2026 13:22:02 -0400[0m [32mINF[0m [1mgithub.com/Telmate/terraform-provider-proxmox/v2/proxmox/resource_vm_qemu.go:590[0m[36m >[0m [1mVM creation[0m [36mloggerName=[0mresource_vm_create [36mvmid=[0m
[90mFri, 03 Apr 2026 13:22:12 -0400[0m [32mINF[0m [1mgithub.com/Telmate/terraform-provider-proxmox/v2/proxmox/resource_vm_qemu.go:1050[0m[36m >[0m [1mReading configuration for vmid[0m [36mloggerName=[0mresource_vm_read [36mvmid=[0m201
[90mFri, 03 Apr 2026 13:22:18 -0400[0m [32mINF[0m [1mgithub.com/Telmate/terraform-provider-proxmox/v2/proxmox/resource_vm_qemu.go:1443[0m[36m >[0m [1mtrying to get vm ip address for provisioner[0m [36mloggerName=[0minitConnInfo [36mvmid=[0m201
[90mFri, 03 Apr 2026 13:22:27 -0400[0m [32mINF[0m [1mgithub.com/Telmate/terraform-provider-proxmox/v2/proxmox/resource_vm_qemu.go:1050[0m[36m >[0m [1mReading configuration for vmid[0m [36mloggerName=[0mresource_vm_read [36mvmid=[0m202
[90mFri, 03 Apr 2026 13:22:33 -0400[0m [32mINF[0m [1mgithub.com/Telmate/terraform-provider-proxmox/v2/proxmox/resource_vm_qemu.go:1443[0m[36m >[0m [1mtrying to get vm ip address for provisioner[0m [36mloggerName=[0minitConnInfo [36mvmid=[0m202
[90mFri, 03 Apr 2026 13:22:42 -0400[0m [32mINF[0m [1mgithub.com/Telmate/terraform-provider-proxmox/v2/proxmox/resource_vm_qemu.go:1050[0m[36m >[0m [1mReading configuration for vmid[0m [36mloggerName=[0mresource_vm_read [36mvmid=[0m203
[90mFri, 03 Apr 2026 13:22:48 -0400[0m [32mINF[0m [1mgithub.com/Telmate/terraform-provider-proxmox/v2/proxmox/resource_vm_qemu.go:1443[0m[36m >[0m [1mtrying to get vm ip address for provisioner[0m [36mloggerName=[0minitConnInfo [36mvmid=[0m203
[90mFri, 03 Apr 2026 13:30:20 -0400[0m [32mINF[0m [1mgithub.com/Telmate/terraform-provider-proxmox/v2/proxmox/util.go:188[0m[36m >[0m [1mLogging Started. Root Logger Set to level info[0m
[90mFri, 03 Apr 2026 13:30:20 -0400[0m [32mINF[0m [1mgithub.com/Telmate/terraform-provider-proxmox/v2/proxmox/resource_vm_qemu.go:1050[0m[36m >[0m [1mReading configuration for vmid[0m [36mloggerName=[0mresource_vm_read [36mvmid=[0m203
[90mFri, 03 Apr 2026 13:30:26 -0400[0m [32mINF[0m [1mgithub.com/Telmate/terraform-provider-proxmox/v2/proxmox/resource_vm_qemu.go:1443[0m[36m >[0m [1mtrying to get vm ip address for provisioner[0m [36mloggerName=[0minitConnInfo [36mvmid=[0m203
[90mFri, 03 Apr 2026 13:30:26 -0400[0m [32mINF[0m [1mgithub.com/Telmate/terraform-provider-proxmox/v2/proxmox/resource_vm_qemu.go:1050[0m[36m >[0m [1mReading configuration for vmid[0m [36mloggerName=[0mresource_vm_read [36mvmid=[0m202
[90mFri, 03 Apr 2026 13:30:33 -0400[0m [32mINF[0m [1mgithub.com/Telmate/terraform-provider-proxmox/v2/proxmox/resource_vm_qemu.go:1443[0m[36m >[0m [1mtrying to get vm ip address for provisioner[0m [36mloggerName=[0minitConnInfo [36mvmid=[0m202
[90mFri, 03 Apr 2026 13:30:33 -0400[0m [32mINF[0m [1mgithub.com/Telmate/terraform-provider-proxmox/v2/proxmox/resource_vm_qemu.go:1050[0m[36m >[0m [1mReading configuration for vmid[0m [36mloggerName=[0mresource_vm_read [36mvmid=[0m201
[90mFri, 03 Apr 2026 13:30:39 -0400[0m [32mINF[0m [1mgithub.com/Telmate/terraform-provider-proxmox/v2/proxmox/resource_vm_qemu.go:1443[0m[36m >[0m [1mtrying to get vm ip address for provisioner[0m [36mloggerName=[0minitConnInfo [36mvmid=[0m201
[90mFri, 03 Apr 2026 13:30:39 -0400[0m [32mINF[0m [1mgithub.com/Telmate/terraform-provider-proxmox/v2/proxmox/util.go:188[0m[36m >[0m [1mLogging Started. Root Logger Set to level info[0m
[90mFri, 03 Apr 2026 13:30:42 -0400[0m [32mINF[0m [1mgithub.com/Telmate/terraform-provider-proxmox/v2/proxmox/util.go:188[0m[36m >[0m [1mLogging Started. Root Logger Set to level info[0m
[90mFri, 03 Apr 2026 13:30:54 -0400[0m [32mINF[0m [1mgithub.com/Telmate/terraform-provider-proxmox/v2/proxmox/util.go:188[0m[36m >[0m [1mLogging Started. Root Logger Set to level info[0m
[90mFri, 03 Apr 2026 13:30:56 -0400[0m [32mINF[0m [1mgithub.com/Telmate/terraform-provider-proxmox/v2/proxmox/util.go:188[0m[36m >[0m [1mLogging Started. Root Logger Set to level info[0m
[90mFri, 03 Apr 2026 13:30:56 -0400[0m [32mINF[0m [1mgithub.com/Telmate/terraform-provider-proxmox/v2/proxmox/resource_vm_qemu.go:590[0m[36m >[0m [1mVM creation[0m [36mloggerName=[0mresource_vm_create [36mvmid=[0m
[90mFri, 03 Apr 2026 13:30:56 -0400[0m [32mINF[0m [1mgithub.com/Telmate/terraform-provider-proxmox/v2/proxmox/resource_vm_qemu.go:590[0m[36m >[0m [1mVM creation[0m [36mloggerName=[0mresource_vm_create [36mvmid=[0m
[90mFri, 03 Apr 2026 13:30:56 -0400[0m [32mINF[0m [1mgithub.com/Telmate/terraform-provider-proxmox/v2/proxmox/resource_vm_qemu.go:590[0m[36m >[0m [1mVM creation[0m [36mloggerName=[0mresource_vm_create [36mvmid=[0m
[90mFri, 03 Apr 2026 13:31:05 -0400[0m [32mINF[0m [1mgithub.com/Telmate/terraform-provider-proxmox/v2/proxmox/resource_vm_qemu.go:1050[0m[36m >[0m [1mReading configuration for vmid[0m [36mloggerName=[0mresource_vm_read [36mvmid=[0m201
[90mFri, 03 Apr 2026 13:31:11 -0400[0m [32mINF[0m [1mgithub.com/Telmate/terraform-provider-proxmox/v2/proxmox/resource_vm_qemu.go:1443[0m[36m >[0m [1mtrying to get vm ip address for provisioner[0m [36mloggerName=[0minitConnInfo [36mvmid=[0m201
[90mFri, 03 Apr 2026 13:31:20 -0400[0m [32mINF[0m [1mgithub.com/Telmate/terraform-provider-proxmox/v2/proxmox/resource_vm_qemu.go:1050[0m[36m >[0m [1mReading configuration for vmid[0m [36mloggerName=[0mresource_vm_read [36mvmid=[0m203
[90mFri, 03 Apr 2026 13:31:26 -0400[0m [32mINF[0m [1mgithub.com/Telmate/terraform-provider-proxmox/v2/proxmox/resource_vm_qemu.go:1443[0m[36m >[0m [1mtrying to get vm ip address for provisioner[0m [36mloggerName=[0minitConnInfo [36mvmid=[0m203
[90mFri, 03 Apr 2026 13:31:36 -0400[0m [32mINF[0m [1mgithub.com/Telmate/terraform-provider-proxmox/v2/proxmox/resource_vm_qemu.go:1050[0m[36m >[0m [1mReading configuration for vmid[0m [36mloggerName=[0mresource_vm_read [36mvmid=[0m202
[90mFri, 03 Apr 2026 13:31:42 -0400[0m [32mINF[0m [1mgithub.com/Telmate/terraform-provider-proxmox/v2/proxmox/resource_vm_qemu.go:1443[0m[36m >[0m [1mtrying to get vm ip address for provisioner[0m [36mloggerName=[0minitConnInfo [36mvmid=[0m202
[90mFri, 03 Apr 2026 13:50:15 -0400[0m [32mINF[0m [1mgithub.com/Telmate/terraform-provider-proxmox/v2/proxmox/util.go:188[0m[36m >[0m [1mLogging Started. Root Logger Set to level info[0m
[90mFri, 03 Apr 2026 13:50:15 -0400[0m [32mINF[0m [1mgithub.com/Telmate/terraform-provider-proxmox/v2/proxmox/resource_vm_qemu.go:1050[0m[36m >[0m [1mReading configuration for vmid[0m [36mloggerName=[0mresource_vm_read [36mvmid=[0m201
[90mFri, 03 Apr 2026 13:50:21 -0400[0m [32mINF[0m [1mgithub.com/Telmate/terraform-provider-proxmox/v2/proxmox/resource_vm_qemu.go:1443[0m[36m >[0m [1mtrying to get vm ip address for provisioner[0m [36mloggerName=[0minitConnInfo [36mvmid=[0m201
[90mFri, 03 Apr 2026 13:50:21 -0400[0m [32mINF[0m [1mgithub.com/Telmate/terraform-provider-proxmox/v2/proxmox/resource_vm_qemu.go:1050[0m[36m >[0m [1mReading configuration for vmid[0m [36mloggerName=[0mresource_vm_read [36mvmid=[0m203
[90mFri, 03 Apr 2026 13:50:27 -0400[0m [32mINF[0m [1mgithub.com/Telmate/terraform-provider-proxmox/v2/proxmox/resource_vm_qemu.go:1443[0m[36m >[0m [1mtrying to get vm ip address for provisioner[0m [36mloggerName=[0minitConnInfo [36mvmid=[0m203
[90mFri, 03 Apr 2026 13:50:27 -0400[0m [32mINF[0m [1mgithub.com/Telmate/terraform-provider-proxmox/v2/proxmox/resource_vm_qemu.go:1050[0m[36m >[0m [1mReading configuration for vmid[0m [36mloggerName=[0mresource_vm_read [36mvmid=[0m202
[90mFri, 03 Apr 2026 13:50:33 -0400[0m [32mINF[0m [1mgithub.com/Telmate/terraform-provider-proxmox/v2/proxmox/resource_vm_qemu.go:1443[0m[36m >[0m [1mtrying to get vm ip address for provisioner[0m [36mloggerName=[0minitConnInfo [36mvmid=[0m202
[90mFri, 03 Apr 2026 13:50:33 -0400[0m [32mINF[0m [1mgithub.com/Telmate/terraform-provider-proxmox/v2/proxmox/util.go:188[0m[36m >[0m [1mLogging Started. Root Logger Set to level info[0m
[90mFri, 03 Apr 2026 13:50:37 -0400[0m [32mINF[0m [1mgithub.com/Telmate/terraform-provider-proxmox/v2/proxmox/util.go:188[0m[36m >[0m [1mLogging Started. Root Logger Set to level info[0m
[90mFri, 03 Apr 2026 13:50:49 -0400[0m [32mINF[0m [1mgithub.com/Telmate/terraform-provider-proxmox/v2/proxmox/util.go:188[0m[36m >[0m [1mLogging Started. Root Logger Set to level info[0m
[90mFri, 03 Apr 2026 13:50:52 -0400[0m [32mINF[0m [1mgithub.com/Telmate/terraform-provider-proxmox/v2/proxmox/util.go:188[0m[36m >[0m [1mLogging Started. Root Logger Set to level info[0m
[90mFri, 03 Apr 2026 13:50:52 -0400[0m [32mINF[0m [1mgithub.com/Telmate/terraform-provider-proxmox/v2/proxmox/resource_vm_qemu.go:590[0m[36m >[0m [1mVM creation[0m [36mloggerName=[0mresource_vm_create [36mvmid=[0m
[90mFri, 03 Apr 2026 13:50:52 -0400[0m [32mINF[0m [1mgithub.com/Telmate/terraform-provider-proxmox/v2/proxmox/resource_vm_qemu.go:590[0m[36m >[0m [1mVM creation[0m [36mloggerName=[0mresource_vm_create [36mvmid=[0m
[90mFri, 03 Apr 2026 13:50:52 -0400[0m [32mINF[0m [1mgithub.com/Telmate/terraform-provider-proxmox/v2/proxmox/resource_vm_qemu.go:590[0m[36m >[0m [1mVM creation[0m [36mloggerName=[0mresource_vm_create [36mvmid=[0m
[90mFri, 03 Apr 2026 13:51:01 -0400[0m [32mINF[0m [1mgithub.com/Telmate/terraform-provider-proxmox/v2/proxmox/resource_vm_qemu.go:1050[0m[36m >[0m [1mReading configuration for vmid[0m [36mloggerName=[0mresource_vm_read [36mvmid=[0m202
[90mFri, 03 Apr 2026 13:51:07 -0400[0m [32mINF[0m [1mgithub.com/Telmate/terraform-provider-proxmox/v2/proxmox/resource_vm_qemu.go:1443[0m[36m >[0m [1mtrying to get vm ip address for provisioner[0m [36mloggerName=[0minitConnInfo [36mvmid=[0m202
[90mFri, 03 Apr 2026 13:51:16 -0400[0m [32mINF[0m [1mgithub.com/Telmate/terraform-provider-proxmox/v2/proxmox/resource_vm_qemu.go:1050[0m[36m >[0m [1mReading configuration for vmid[0m [36mloggerName=[0mresource_vm_read [36mvmid=[0m201
[90mFri, 03 Apr 2026 13:51:22 -0400[0m [32mINF[0m [1mgithub.com/Telmate/terraform-provider-proxmox/v2/proxmox/resource_vm_qemu.go:1443[0m[36m >[0m [1mtrying to get vm ip address for provisioner[0m [36mloggerName=[0minitConnInfo [36mvmid=[0m201
[90mFri, 03 Apr 2026 13:51:32 -0400[0m [32mINF[0m [1mgithub.com/Telmate/terraform-provider-proxmox/v2/proxmox/resource_vm_qemu.go:1050[0m[36m >[0m [1mReading configuration for vmid[0m [36mloggerName=[0mresource_vm_read [36mvmid=[0m203
[90mFri, 03 Apr 2026 13:51:38 -0400[0m [32mINF[0m [1mgithub.com/Telmate/terraform-provider-proxmox/v2/proxmox/resource_vm_qemu.go:1443[0m[36m >[0m [1mtrying to get vm ip address for provisioner[0m [36mloggerName=[0minitConnInfo [36mvmid=[0m203
